-job = "verif"
-id = "VC-OTAEGIS-01"
-name = "OT-Aegis Deterministic PLC Safety Invariant Verification"
-description = "Formal verification of the deterministic OT-Aegis PLC supervisory logic against a composite set of safety and trust invariants. The verification ensures that emergency-stop conditions dominate operational control, fail-safe containment is correctly enforced, actuator hard bounds are respected, cyber-physical interlocks are preserved, invalid software shield outputs cannot directly influence control execution, and fallback or safe-stop directives are correctly handled. Verification was performed using PLCverif with the nuXmv backend over the verification-oriented SCL representation of the PLC supervisor."
-sourcefiles.0 = "C:\Users\hatzi\Desktop\picverif\workspace\OT-Aegis\OT-Aegis.scl"
-lf = "step7"
-inline = "false"
-reductions.0 = "basic_reductions"
-info.backend_name = "NusmvBackend"
-info.backend_algorithm = "nuxmv-Classic-dynamic-df"
-info.requirement_text = "The assertions 'assert1, assert2, assert3, assert4, assert5, assert6, assert7, assert8, assert10, assert11, assert12, assert13, assert14' (in total '13' assertions) are to be checked."
-info.plugin_store_keys.0 = "nusmv$$expression_type"
-info.plugin_store_keys.1 = "html$$report_filename"
-info.plugin_store_values.0 = "Ctl"
-info.plugin_store_values.1 = "VC-OTAEGIS-01.report.html"
-result = "Satisfied"
-result.runtime_ms = "8968"
-result.exec_date = "2026-05-27 15:14:02"
-result.backend_exectime_ms = "8922"
-result.cex_exists = "false"
-job.req = "assertion"
-job.req.inputs = {}
-job.req.params = {}
